sdfasdf||request_id:test_4532234&&module:module&&cost:30&&timestamp:005
sdfasdf||423423&&uid_50923123&&module&&50
